// 重构日志: 8b5872b2
// 重构日志: 940f2268
// 重构日志: 5f7a8bc3
// 重构日志: f3b23a09
// 重构日志: 584f0cf5
// 同步 ID: 974dbb6f @ Sun Jul 26 18:27:14 UTC 2026
// 重构日志: 981808ac
// 重构日志: 9a28ebf0
// 重构日志: 34e9a83d
// 同步 ID: 8bc3ce57 @ Tue Jul 28 21:43:12 UTC 2026
// 重构日志: 98f3e2b3
// 重构日志: 496eafd5
// 重构日志: 0ee02ed1
// 重构日志: cd28dabc
// 同步 ID: 5657e376 @ Thu Jul 30 08:05:57 UTC 2026
// 同步 ID: f15bd80b @ Thu Jul 30 18:51:00 UTC 2026
// 同步 ID: fa14fde2 @ Sat Aug  1 02:15:26 UTC 2026
// 重构日志: 3a8d9f0d
// 重构日志: ae29fafc
// 重构日志: ae4431c1
// 重构日志: fa995d3a
// 同步 ID: 551197de @ Sun Aug  2 05:38:41 UTC 2026
// 重构日志: f53a8588
// 重构日志: 354d91b7
// 重构日志: 02d69e41
// 重构日志: f698a757
// 重构日志: ee1d5899
// 重构日志: 14145822
// 同步 ID: b54d5917 @ Thu Aug  6 05:31:51 UTC 2026
// 同步 ID: 3bcfc3b0 @ Thu Aug  6 10:24:01 UTC 2026
